// Jest Snapshot v1, https://goo.gl/fbAQLP

exports[`Pagination renders without crashing 1`] = `
<DocumentFragment>
  <div
    class="main"
  >
    <div
      class="container"
    >
      <button
        class="pagination__btn btn is--current"
      >
        1
      </button>
    </div>
  </div>
</DocumentFragment>
`;
