// Jest Snapshot v1, https://goo.gl/fbAQLP

exports[`NotFound renders without crashing 1`] = `
<DocumentFragment>
  <div
    class="main"
  >
    <div
      class="container"
    >
      <div
        class="not-found"
      >
        <h1
          class="main__title"
        >
          Page Not Found
        </h1>
      </div>
    </div>
  </div>
</DocumentFragment>
`;
