// Jest Snapshot v1, https://goo.gl/fbAQLP

exports[`MoviesList renders without crashingt 1`] = `
<DocumentFragment>
  <p>
    No Movies
  </p>
</DocumentFragment>
`;
