// Jest Snapshot v1, https://goo.gl/fbAQLP

exports[`App snapshot App 1`] = `
<DocumentFragment>
  <div
    class="loader__container"
  >
    <div
      class="loader"
    >
      <div />
      <div />
      <div />
      <div />
    </div>
  </div>
</DocumentFragment>
`;
